
Allocating common symbols
Common symbol       size              file

arr                 0x1               toggle_led.o
i                   0x4               startup.o

Memory Configuration

Name             Origin             Length             Attributes
FLASH            0x08000000         0x00020000         xr
SRAM             0x20000000         0x00005000         xrw
*default*        0x00000000         0xffffffff

Linker script and memory map


.text           0x08000000      0x1d0
 *(.vector*)
 .vector        0x08000000       0x1c startup.o
                0x08000000                vector
 *(.text*)
 .text          0x0800001c      0x108 startup.o
                0x0800001c                NMI_handler
                0x0800001c                BUS_handler
                0x0800001c                deafult_handler
                0x0800001c                H_fault_handler
                0x0800001c                MM_handler
                0x0800001c                USAGE_fault_handler
                0x08000028                reset_handler
 .text          0x08000124       0xa8 toggle_led.o
                0x08000124                main
 *(.rodata)
 .rodata        0x080001cc        0x4 toggle_led.o
                0x080001cc                co
                0x080001d0                _E_TEXT = .

.glue_7         0x080001d0        0x0
 .glue_7        0x00000000        0x0 linker stubs

.glue_7t        0x080001d0        0x0
 .glue_7t       0x00000000        0x0 linker stubs

.vfp11_veneer   0x080001d0        0x0
 .vfp11_veneer  0x00000000        0x0 linker stubs

.v4_bx          0x080001d0        0x0
 .v4_bx         0x00000000        0x0 linker stubs

.iplt           0x080001d0        0x0
 .iplt          0x00000000        0x0 startup.o

.rel.dyn        0x080001d0        0x0
 .rel.iplt      0x00000000        0x0 startup.o

.data           0x20000000       0x18 load address 0x080001d0
                0x20000000                _S_DATA = .
 *(.data)
 .data          0x20000000        0x0 startup.o
 .data          0x20000000       0x18 toggle_led.o
                0x20000000                p
                0x20000004                x
                0x20000008                z
                0x20000010                y
                0x20000018                . = ALIGN (0x4)
                0x20000018                _E_DATA = .

.igot.plt       0x20000018        0x0 load address 0x080001e8
 .igot.plt      0x00000000        0x0 startup.o

.bss            0x20000018        0x5 load address 0x080001e8
                0x20000018                _S_BSS = .
 *(.bss)
 .bss           0x20000018        0x0 startup.o
 .bss           0x20000018        0x0 toggle_led.o
                0x20000018                . = ALIGN (0x4)
                0x20000018                _E_BSS = .
                0x20002018                stack_top = (. + 0x2000)
 COMMON         0x20000018        0x4 startup.o
                0x20000018                i
 COMMON         0x2000001c        0x1 toggle_led.o
                0x2000001c                arr
LOAD startup.o
LOAD toggle_led.o
OUTPUT(Learn-in-depth-cortex-m3.elf elf32-littlearm)

.debug_info     0x00000000      0x2ab
 .debug_info    0x00000000      0x13d startup.o
 .debug_info    0x0000013d      0x16e toggle_led.o

.debug_abbrev   0x00000000      0x17b
 .debug_abbrev  0x00000000       0xb5 startup.o
 .debug_abbrev  0x000000b5       0xc6 toggle_led.o

.debug_loc      0x00000000       0x9c
 .debug_loc     0x00000000       0x64 startup.o
 .debug_loc     0x00000064       0x38 toggle_led.o

.debug_aranges  0x00000000       0x40
 .debug_aranges
                0x00000000       0x20 startup.o
 .debug_aranges
                0x00000020       0x20 toggle_led.o

.debug_line     0x00000000      0x10a
 .debug_line    0x00000000       0x69 startup.o
 .debug_line    0x00000069       0xa1 toggle_led.o

.debug_str      0x00000000      0x137
 .debug_str     0x00000000       0xb0 startup.o
                                 0xc4 (size before relaxing)
 .debug_str     0x000000b0       0x87 toggle_led.o
                                 0xee (size before relaxing)

.comment        0x00000000       0x11
 .comment       0x00000000       0x11 startup.o
                                 0x12 (size before relaxing)
 .comment       0x00000000       0x12 toggle_led.o

.ARM.attributes
                0x00000000       0x33
 .ARM.attributes
                0x00000000       0x33 startup.o
 .ARM.attributes
                0x00000033       0x33 toggle_led.o

.debug_frame    0x00000000       0x78
 .debug_frame   0x00000000       0x4c startup.o
 .debug_frame   0x0000004c       0x2c toggle_led.o
