
Allocating common symbols
Common symbol       size              file

i                   0x4               startup.o

Memory Configuration

Name             Origin             Length             Attributes
FLASH            0x00000000         0x20000000         xr
SRAM             0x20000000         0x20000000         xrw
*default*        0x00000000         0xffffffff

Linker script and memory map


.text           0x00000000      0x1e0
 *(.vector*)
 .vectors       0x00000000       0x1c startup.o
                0x00000000                arr_pTo_func_Vectors
 *(.text*)
 .text          0x0000001c      0x100 startup.o
                0x0000001c                NMI_handler
                0x0000001c                BUS_handler
                0x0000001c                deafult_handler
                0x0000001c                H_fault_handler
                0x0000001c                MM_handler
                0x0000001c                USAGE_fault_handler
                0x00000028                reset_handler
 .text          0x0000011c       0xc4 main.o
                0x0000011c                main
 *(.rodata)
                0x000001e0                _E_TEXT = .

.glue_7         0x000001e0        0x0
 .glue_7        0x00000000        0x0 linker stubs

.glue_7t        0x000001e0        0x0
 .glue_7t       0x00000000        0x0 linker stubs

.vfp11_veneer   0x000001e0        0x0
 .vfp11_veneer  0x00000000        0x0 linker stubs

.v4_bx          0x000001e0        0x0
 .v4_bx         0x00000000        0x0 linker stubs

.iplt           0x000001e0        0x0
 .iplt          0x00000000        0x0 startup.o

.rel.dyn        0x000001e0        0x0
 .rel.iplt      0x00000000        0x0 startup.o

.data           0x20000000        0x0 load address 0x000001e0
                0x20000000                _S_DATA = .
 *(.data)
 .data          0x20000000        0x0 startup.o
 .data          0x20000000        0x0 main.o
                0x20000000                . = ALIGN (0x4)
                0x20000000                _E_DATA = .

.igot.plt       0x20000000        0x0 load address 0x000001e0
 .igot.plt      0x00000000        0x0 startup.o

.bss            0x20000000      0x404 load address 0x000001e0
                0x20000000                _S_BSS = .
 *(.bss)
 .bss           0x20000000      0x400 startup.o
 .bss           0x20000400        0x0 main.o
                0x20000400                . = ALIGN (0x4)
                0x20000400                _E_BSS = .
 COMMON         0x20000400        0x4 startup.o
                0x20000400                i
LOAD startup.o
LOAD main.o
OUTPUT(unit3-lesson4-cortex-m4.elf elf32-littlearm)

.debug_info     0x00000000      0x1bf
 .debug_info    0x00000000      0x163 startup.o
 .debug_info    0x00000163       0x5c main.o

.debug_abbrev   0x00000000      0x117
 .debug_abbrev  0x00000000       0xc8 startup.o
 .debug_abbrev  0x000000c8       0x4f main.o

.debug_loc      0x00000000       0x9c
 .debug_loc     0x00000000       0x64 startup.o
 .debug_loc     0x00000064       0x38 main.o

.debug_aranges  0x00000000       0x40
 .debug_aranges
                0x00000000       0x20 startup.o
 .debug_aranges
                0x00000020       0x20 main.o

.debug_line     0x00000000       0xcc
 .debug_line    0x00000000       0x69 startup.o
 .debug_line    0x00000069       0x63 main.o

.debug_str      0x00000000       0xe6
 .debug_str     0x00000000       0xda startup.o
                                 0xe1 (size before relaxing)
 .debug_str     0x000000da        0xc main.o
                                 0x32 (size before relaxing)

.comment        0x00000000       0x11
 .comment       0x00000000       0x11 startup.o
                                 0x12 (size before relaxing)
 .comment       0x00000000       0x12 main.o

.ARM.attributes
                0x00000000       0x33
 .ARM.attributes
                0x00000000       0x33 startup.o
 .ARM.attributes
                0x00000033       0x33 main.o

.debug_frame    0x00000000       0x78
 .debug_frame   0x00000000       0x4c startup.o
 .debug_frame   0x0000004c       0x2c main.o
