main.c:64:6:clock_init	4	static
main.c:71:6:switch_to_user_access	4	static,ignoring_inline_asm
main.c:78:6:switch_to_previledged_access	4	static,ignoring_inline_asm
main.c:87:5:TaskA	16	static
main.c:92:5:TaskB	16	static
main.c:98:6:my_handler	4	static
main.c:119:6:service_handler	40	static,ignoring_inline_asm
main.c:150:31:SVC_Handler	0	static,ignoring_inline_asm
main.c:161:5:OS_SVC_Set	32	static,ignoring_inline_asm
main.c:191:6:PendSV_Handler	4	static,ignoring_inline_asm
main.c:197:6:MainOs	8	static,ignoring_inline_asm
main.c:252:5:main	24	static
